ParseError(((const char*)"Mismatched Close Tag")).ErrLine::operator[](((size_t)iLine))'
array subscript value '5' is outside the bounds of array type 'int [0]'
