Warning() [with int ROW = 2; int COL = 2; WHAT = spt::Unknown_tag_name]':
Warning() [with int ROW = 19; int COL = 4; WHAT = spt::Unknown_tag_name]':
